C:/Users/Asus/STM32CubeIDE/workspace_1.16.1/en.i-cube_lrwan.zip_expanded/STM32CubeExpansion_LRWAN_V2.1.0/Projects/B-L072Z-LRWAN1/Applications/LoRaWAN/LoRaWAN_AT_Slave/LoRaWAN/App/lora_app.c:232:13:OnRxData	16	static
C:/Users/Asus/STM32CubeIDE/workspace_1.16.1/en.i-cube_lrwan.zip_expanded/STM32CubeExpansion_LRWAN_V2.1.0/Projects/B-L072Z-LRWAN1/Applications/LoRaWAN/LoRaWAN_AT_Slave/LoRaWAN/App/lora_app.c:264:13:OnTxData	8	static
C:/Users/Asus/STM32CubeIDE/workspace_1.16.1/en.i-cube_lrwan.zip_expanded/STM32CubeExpansion_LRWAN_V2.1.0/Projects/B-L072Z-LRWAN1/Applications/LoRaWAN/LoRaWAN_AT_Slave/LoRaWAN/App/lora_app.c:252:13:OnRxTimerLedEvent	8	static
C:/Users/Asus/STM32CubeIDE/workspace_1.16.1/en.i-cube_lrwan.zip_expanded/STM32CubeExpansion_LRWAN_V2.1.0/Projects/B-L072Z-LRWAN1/Applications/LoRaWAN/LoRaWAN_AT_Slave/LoRaWAN/App/lora_app.c:247:13:OnTxTimerLedEvent	8	static
C:/Users/Asus/STM32CubeIDE/workspace_1.16.1/en.i-cube_lrwan.zip_expanded/STM32CubeExpansion_LRWAN_V2.1.0/Projects/B-L072Z-LRWAN1/Applications/LoRaWAN/LoRaWAN_AT_Slave/LoRaWAN/App/lora_app.c:280:13:OnJoinRequest	8	static
C:/Users/Asus/STM32CubeIDE/workspace_1.16.1/en.i-cube_lrwan.zip_expanded/STM32CubeExpansion_LRWAN_V2.1.0/Projects/B-L072Z-LRWAN1/Applications/LoRaWAN/LoRaWAN_AT_Slave/LoRaWAN/App/lora_app.c:308:13:OnMacProcessNotify	8	static
C:/Users/Asus/STM32CubeIDE/workspace_1.16.1/en.i-cube_lrwan.zip_expanded/STM32CubeExpansion_LRWAN_V2.1.0/Projects/B-L072Z-LRWAN1/Applications/LoRaWAN/LoRaWAN_AT_Slave/LoRaWAN/App/lora_app.c:297:13:CmdProcessNotify	8	static
C:/Users/Asus/STM32CubeIDE/workspace_1.16.1/en.i-cube_lrwan.zip_expanded/STM32CubeExpansion_LRWAN_V2.1.0/Projects/B-L072Z-LRWAN1/Applications/LoRaWAN/LoRaWAN_AT_Slave/LoRaWAN/App/lora_app.c:257:13:OnJoinTimerLedEvent	8	static
C:/Users/Asus/STM32CubeIDE/workspace_1.16.1/en.i-cube_lrwan.zip_expanded/STM32CubeExpansion_LRWAN_V2.1.0/Projects/B-L072Z-LRWAN1/Applications/LoRaWAN/LoRaWAN_AT_Slave/LoRaWAN/App/lora_app.c:166:6:LoRaWAN_Init	48	static
