C:/Users/Asus/STM32CubeIDE/workspace_1.16.1/en.i-cube_lrwan.zip_expanded/STM32CubeExpansion_LRWAN_V2.1.0/Projects/B-L072Z-LRWAN1/Applications/LoRaWAN/LoRaWAN_AT_Slave/LoRaWAN/App/lora_at.c:2088:13:print_u	16	static
C:/Users/Asus/STM32CubeIDE/workspace_1.16.1/en.i-cube_lrwan.zip_expanded/STM32CubeExpansion_LRWAN_V2.1.0/Projects/B-L072Z-LRWAN1/Applications/LoRaWAN/LoRaWAN_AT_Slave/LoRaWAN/App/lora_at.c:2065:13:print_8_02x	40	static
C:/Users/Asus/STM32CubeIDE/workspace_1.16.1/en.i-cube_lrwan.zip_expanded/STM32CubeExpansion_LRWAN_V2.1.0/Projects/B-L072Z-LRWAN1/Applications/LoRaWAN/LoRaWAN_AT_Slave/LoRaWAN/App/lora_at.c:2050:13:print_16_02x	72	static
C:/Users/Asus/STM32CubeIDE/workspace_1.16.1/en.i-cube_lrwan.zip_expanded/STM32CubeExpansion_LRWAN_V2.1.0/Projects/B-L072Z-LRWAN1/Applications/LoRaWAN/LoRaWAN_AT_Slave/LoRaWAN/App/lora_at.c:2077:13:print_d	16	static
C:/Users/Asus/STM32CubeIDE/workspace_1.16.1/en.i-cube_lrwan.zip_expanded/STM32CubeExpansion_LRWAN_V2.1.0/Projects/B-L072Z-LRWAN1/Applications/LoRaWAN/LoRaWAN_AT_Slave/LoRaWAN/App/lora_at.c:2021:12:sscanf_16_hhx	64	static
C:/Users/Asus/STM32CubeIDE/workspace_1.16.1/en.i-cube_lrwan.zip_expanded/STM32CubeExpansion_LRWAN_V2.1.0/Projects/B-L072Z-LRWAN1/Applications/LoRaWAN/LoRaWAN_AT_Slave/LoRaWAN/App/lora_at.c:2110:13:CertifSend	8	static
C:/Users/Asus/STM32CubeIDE/workspace_1.16.1/en.i-cube_lrwan.zip_expanded/STM32CubeExpansion_LRWAN_V2.1.0/Projects/B-L072Z-LRWAN1/Applications/LoRaWAN/LoRaWAN_AT_Slave/LoRaWAN/App/lora_at.c:2099:13:OnCertifTimer	8	static
C:/Users/Asus/STM32CubeIDE/workspace_1.16.1/en.i-cube_lrwan.zip_expanded/STM32CubeExpansion_LRWAN_V2.1.0/Projects/B-L072Z-LRWAN1/Applications/LoRaWAN/LoRaWAN_AT_Slave/LoRaWAN/App/lora_at.c:2127:16:Char2Nibble	0	static
C:/Users/Asus/STM32CubeIDE/workspace_1.16.1/en.i-cube_lrwan.zip_expanded/STM32CubeExpansion_LRWAN_V2.1.0/Projects/B-L072Z-LRWAN1/Applications/LoRaWAN/LoRaWAN_AT_Slave/LoRaWAN/App/lora_at.c:2150:16:stringToData	32	static
C:/Users/Asus/STM32CubeIDE/workspace_1.16.1/en.i-cube_lrwan.zip_expanded/STM32CubeExpansion_LRWAN_V2.1.0/Projects/B-L072Z-LRWAN1/Applications/LoRaWAN/LoRaWAN_AT_Slave/LoRaWAN/App/lora_at.c:170:12:AT_return_ok	0	static
C:/Users/Asus/STM32CubeIDE/workspace_1.16.1/en.i-cube_lrwan.zip_expanded/STM32CubeExpansion_LRWAN_V2.1.0/Projects/B-L072Z-LRWAN1/Applications/LoRaWAN/LoRaWAN_AT_Slave/LoRaWAN/App/lora_at.c:175:12:AT_return_error	0	static
C:/Users/Asus/STM32CubeIDE/workspace_1.16.1/en.i-cube_lrwan.zip_expanded/STM32CubeExpansion_LRWAN_V2.1.0/Projects/B-L072Z-LRWAN1/Applications/LoRaWAN/LoRaWAN_AT_Slave/LoRaWAN/App/lora_at.c:181:6:AT_event_join	8	static
C:/Users/Asus/STM32CubeIDE/workspace_1.16.1/en.i-cube_lrwan.zip_expanded/STM32CubeExpansion_LRWAN_V2.1.0/Projects/B-L072Z-LRWAN1/Applications/LoRaWAN/LoRaWAN_AT_Slave/LoRaWAN/App/lora_at.c:199:6:AT_event_receive	72	static
C:/Users/Asus/STM32CubeIDE/workspace_1.16.1/en.i-cube_lrwan.zip_expanded/STM32CubeExpansion_LRWAN_V2.1.0/Projects/B-L072Z-LRWAN1/Applications/LoRaWAN/LoRaWAN_AT_Slave/LoRaWAN/App/lora_at.c:248:6:AT_event_confirm	8	static
C:/Users/Asus/STM32CubeIDE/workspace_1.16.1/en.i-cube_lrwan.zip_expanded/STM32CubeExpansion_LRWAN_V2.1.0/Projects/B-L072Z-LRWAN1/Applications/LoRaWAN/LoRaWAN_AT_Slave/LoRaWAN/App/lora_at.c:263:12:AT_reset	0	static,ignoring_inline_asm
C:/Users/Asus/STM32CubeIDE/workspace_1.16.1/en.i-cube_lrwan.zip_expanded/STM32CubeExpansion_LRWAN_V2.1.0/Projects/B-L072Z-LRWAN1/Applications/LoRaWAN/LoRaWAN_AT_Slave/LoRaWAN/App/lora_at.c:274:12:AT_verbose_get	8	static
C:/Users/Asus/STM32CubeIDE/workspace_1.16.1/en.i-cube_lrwan.zip_expanded/STM32CubeExpansion_LRWAN_V2.1.0/Projects/B-L072Z-LRWAN1/Applications/LoRaWAN/LoRaWAN_AT_Slave/LoRaWAN/App/lora_at.c:286:12:AT_verbose_set	16	static
C:/Users/Asus/STM32CubeIDE/workspace_1.16.1/en.i-cube_lrwan.zip_expanded/STM32CubeExpansion_LRWAN_V2.1.0/Projects/B-L072Z-LRWAN1/Applications/LoRaWAN/LoRaWAN_AT_Slave/LoRaWAN/App/lora_at.c:314:12:AT_LocalTime_get	80	static
C:/Users/Asus/STM32CubeIDE/workspace_1.16.1/en.i-cube_lrwan.zip_expanded/STM32CubeExpansion_LRWAN_V2.1.0/Projects/B-L072Z-LRWAN1/Applications/LoRaWAN/LoRaWAN_AT_Slave/LoRaWAN/App/lora_at.c:338:12:AT_JoinEUI_get	16	static
C:/Users/Asus/STM32CubeIDE/workspace_1.16.1/en.i-cube_lrwan.zip_expanded/STM32CubeExpansion_LRWAN_V2.1.0/Projects/B-L072Z-LRWAN1/Applications/LoRaWAN/LoRaWAN_AT_Slave/LoRaWAN/App/lora_at.c:356:12:AT_JoinEUI_set	40	static
C:/Users/Asus/STM32CubeIDE/workspace_1.16.1/en.i-cube_lrwan.zip_expanded/STM32CubeExpansion_LRWAN_V2.1.0/Projects/B-L072Z-LRWAN1/Applications/LoRaWAN/LoRaWAN_AT_Slave/LoRaWAN/App/lora_at.c:380:12:AT_NwkKey_get	24	static
C:/Users/Asus/STM32CubeIDE/workspace_1.16.1/en.i-cube_lrwan.zip_expanded/STM32CubeExpansion_LRWAN_V2.1.0/Projects/B-L072Z-LRWAN1/Applications/LoRaWAN/LoRaWAN_AT_Slave/LoRaWAN/App/lora_at.c:398:12:AT_NwkKey_set	24	static
C:/Users/Asus/STM32CubeIDE/workspace_1.16.1/en.i-cube_lrwan.zip_expanded/STM32CubeExpansion_LRWAN_V2.1.0/Projects/B-L072Z-LRWAN1/Applications/LoRaWAN/LoRaWAN_AT_Slave/LoRaWAN/App/lora_at.c:420:12:AT_AppKey_get	24	static
C:/Users/Asus/STM32CubeIDE/workspace_1.16.1/en.i-cube_lrwan.zip_expanded/STM32CubeExpansion_LRWAN_V2.1.0/Projects/B-L072Z-LRWAN1/Applications/LoRaWAN/LoRaWAN_AT_Slave/LoRaWAN/App/lora_at.c:438:12:AT_AppKey_set	24	static
C:/Users/Asus/STM32CubeIDE/workspace_1.16.1/en.i-cube_lrwan.zip_expanded/STM32CubeExpansion_LRWAN_V2.1.0/Projects/B-L072Z-LRWAN1/Applications/LoRaWAN/LoRaWAN_AT_Slave/LoRaWAN/App/lora_at.c:460:12:AT_NwkSKey_get	24	static
C:/Users/Asus/STM32CubeIDE/workspace_1.16.1/en.i-cube_lrwan.zip_expanded/STM32CubeExpansion_LRWAN_V2.1.0/Projects/B-L072Z-LRWAN1/Applications/LoRaWAN/LoRaWAN_AT_Slave/LoRaWAN/App/lora_at.c:478:12:AT_NwkSKey_set	24	static
C:/Users/Asus/STM32CubeIDE/workspace_1.16.1/en.i-cube_lrwan.zip_expanded/STM32CubeExpansion_LRWAN_V2.1.0/Projects/B-L072Z-LRWAN1/Applications/LoRaWAN/LoRaWAN_AT_Slave/LoRaWAN/App/lora_at.c:500:12:AT_AppSKey_get	24	static
C:/Users/Asus/STM32CubeIDE/workspace_1.16.1/en.i-cube_lrwan.zip_expanded/STM32CubeExpansion_LRWAN_V2.1.0/Projects/B-L072Z-LRWAN1/Applications/LoRaWAN/LoRaWAN_AT_Slave/LoRaWAN/App/lora_at.c:518:12:AT_AppSKey_set	24	static
C:/Users/Asus/STM32CubeIDE/workspace_1.16.1/en.i-cube_lrwan.zip_expanded/STM32CubeExpansion_LRWAN_V2.1.0/Projects/B-L072Z-LRWAN1/Applications/LoRaWAN/LoRaWAN_AT_Slave/LoRaWAN/App/lora_at.c:540:12:AT_DevAddr_get	32	static
C:/Users/Asus/STM32CubeIDE/workspace_1.16.1/en.i-cube_lrwan.zip_expanded/STM32CubeExpansion_LRWAN_V2.1.0/Projects/B-L072Z-LRWAN1/Applications/LoRaWAN/LoRaWAN_AT_Slave/LoRaWAN/App/lora_at.c:558:12:AT_DevAddr_set	24	static
C:/Users/Asus/STM32CubeIDE/workspace_1.16.1/en.i-cube_lrwan.zip_expanded/STM32CubeExpansion_LRWAN_V2.1.0/Projects/B-L072Z-LRWAN1/Applications/LoRaWAN/LoRaWAN_AT_Slave/LoRaWAN/App/lora_at.c:580:12:AT_DevEUI_get	16	static
C:/Users/Asus/STM32CubeIDE/workspace_1.16.1/en.i-cube_lrwan.zip_expanded/STM32CubeExpansion_LRWAN_V2.1.0/Projects/B-L072Z-LRWAN1/Applications/LoRaWAN/LoRaWAN_AT_Slave/LoRaWAN/App/lora_at.c:598:12:AT_DevEUI_set	40	static
C:/Users/Asus/STM32CubeIDE/workspace_1.16.1/en.i-cube_lrwan.zip_expanded/STM32CubeExpansion_LRWAN_V2.1.0/Projects/B-L072Z-LRWAN1/Applications/LoRaWAN/LoRaWAN_AT_Slave/LoRaWAN/App/lora_at.c:622:12:AT_NetworkID_get	16	static
C:/Users/Asus/STM32CubeIDE/workspace_1.16.1/en.i-cube_lrwan.zip_expanded/STM32CubeExpansion_LRWAN_V2.1.0/Projects/B-L072Z-LRWAN1/Applications/LoRaWAN/LoRaWAN_AT_Slave/LoRaWAN/App/lora_at.c:640:12:AT_NetworkID_set	16	static
C:/Users/Asus/STM32CubeIDE/workspace_1.16.1/en.i-cube_lrwan.zip_expanded/STM32CubeExpansion_LRWAN_V2.1.0/Projects/B-L072Z-LRWAN1/Applications/LoRaWAN/LoRaWAN_AT_Slave/LoRaWAN/App/lora_at.c:664:12:AT_Join	8	static
C:/Users/Asus/STM32CubeIDE/workspace_1.16.1/en.i-cube_lrwan.zip_expanded/STM32CubeExpansion_LRWAN_V2.1.0/Projects/B-L072Z-LRWAN1/Applications/LoRaWAN/LoRaWAN_AT_Slave/LoRaWAN/App/lora_at.c:687:12:AT_Link_Check	8	static
C:/Users/Asus/STM32CubeIDE/workspace_1.16.1/en.i-cube_lrwan.zip_expanded/STM32CubeExpansion_LRWAN_V2.1.0/Projects/B-L072Z-LRWAN1/Applications/LoRaWAN/LoRaWAN_AT_Slave/LoRaWAN/App/lora_at.c:703:12:AT_Send	40	static
C:/Users/Asus/STM32CubeIDE/workspace_1.16.1/en.i-cube_lrwan.zip_expanded/STM32CubeExpansion_LRWAN_V2.1.0/Projects/B-L072Z-LRWAN1/Applications/LoRaWAN/LoRaWAN_AT_Slave/LoRaWAN/App/lora_at.c:828:12:AT_version_get	32	static
C:/Users/Asus/STM32CubeIDE/workspace_1.16.1/en.i-cube_lrwan.zip_expanded/STM32CubeExpansion_LRWAN_V2.1.0/Projects/B-L072Z-LRWAN1/Applications/LoRaWAN/LoRaWAN_AT_Slave/LoRaWAN/App/lora_at.c:857:12:AT_ADR_get	24	static
C:/Users/Asus/STM32CubeIDE/workspace_1.16.1/en.i-cube_lrwan.zip_expanded/STM32CubeExpansion_LRWAN_V2.1.0/Projects/B-L072Z-LRWAN1/Applications/LoRaWAN/LoRaWAN_AT_Slave/LoRaWAN/App/lora_at.c:875:12:AT_ADR_set	8	static
C:/Users/Asus/STM32CubeIDE/workspace_1.16.1/en.i-cube_lrwan.zip_expanded/STM32CubeExpansion_LRWAN_V2.1.0/Projects/B-L072Z-LRWAN1/Applications/LoRaWAN/LoRaWAN_AT_Slave/LoRaWAN/App/lora_at.c:896:12:AT_DataRate_get	24	static
C:/Users/Asus/STM32CubeIDE/workspace_1.16.1/en.i-cube_lrwan.zip_expanded/STM32CubeExpansion_LRWAN_V2.1.0/Projects/B-L072Z-LRWAN1/Applications/LoRaWAN/LoRaWAN_AT_Slave/LoRaWAN/App/lora_at.c:914:12:AT_DataRate_set	16	static
C:/Users/Asus/STM32CubeIDE/workspace_1.16.1/en.i-cube_lrwan.zip_expanded/STM32CubeExpansion_LRWAN_V2.1.0/Projects/B-L072Z-LRWAN1/Applications/LoRaWAN/LoRaWAN_AT_Slave/LoRaWAN/App/lora_at.c:941:12:AT_Region_get	72	static
C:/Users/Asus/STM32CubeIDE/workspace_1.16.1/en.i-cube_lrwan.zip_expanded/STM32CubeExpansion_LRWAN_V2.1.0/Projects/B-L072Z-LRWAN1/Applications/LoRaWAN/LoRaWAN_AT_Slave/LoRaWAN/App/lora_at.c:965:12:AT_Region_set	16	static
C:/Users/Asus/STM32CubeIDE/workspace_1.16.1/en.i-cube_lrwan.zip_expanded/STM32CubeExpansion_LRWAN_V2.1.0/Projects/B-L072Z-LRWAN1/Applications/LoRaWAN/LoRaWAN_AT_Slave/LoRaWAN/App/lora_at.c:991:12:AT_DeviceClass_get	32	static
C:/Users/Asus/STM32CubeIDE/workspace_1.16.1/en.i-cube_lrwan.zip_expanded/STM32CubeExpansion_LRWAN_V2.1.0/Projects/B-L072Z-LRWAN1/Applications/LoRaWAN/LoRaWAN_AT_Slave/LoRaWAN/App/lora_at.c:1046:12:AT_DeviceClass_set	8	static
C:/Users/Asus/STM32CubeIDE/workspace_1.16.1/en.i-cube_lrwan.zip_expanded/STM32CubeExpansion_LRWAN_V2.1.0/Projects/B-L072Z-LRWAN1/Applications/LoRaWAN/LoRaWAN_AT_Slave/LoRaWAN/App/lora_at.c:1100:12:AT_DutyCycle_get	24	static
C:/Users/Asus/STM32CubeIDE/workspace_1.16.1/en.i-cube_lrwan.zip_expanded/STM32CubeExpansion_LRWAN_V2.1.0/Projects/B-L072Z-LRWAN1/Applications/LoRaWAN/LoRaWAN_AT_Slave/LoRaWAN/App/lora_at.c:1118:12:AT_DutyCycle_set	8	static
C:/Users/Asus/STM32CubeIDE/workspace_1.16.1/en.i-cube_lrwan.zip_expanded/STM32CubeExpansion_LRWAN_V2.1.0/Projects/B-L072Z-LRWAN1/Applications/LoRaWAN/LoRaWAN_AT_Slave/LoRaWAN/App/lora_at.c:1139:12:AT_JoinAcceptDelay1_get	16	static
C:/Users/Asus/STM32CubeIDE/workspace_1.16.1/en.i-cube_lrwan.zip_expanded/STM32CubeExpansion_LRWAN_V2.1.0/Projects/B-L072Z-LRWAN1/Applications/LoRaWAN/LoRaWAN_AT_Slave/LoRaWAN/App/lora_at.c:1157:12:AT_JoinAcceptDelay1_set	16	static
C:/Users/Asus/STM32CubeIDE/workspace_1.16.1/en.i-cube_lrwan.zip_expanded/STM32CubeExpansion_LRWAN_V2.1.0/Projects/B-L072Z-LRWAN1/Applications/LoRaWAN/LoRaWAN_AT_Slave/LoRaWAN/App/lora_at.c:1178:12:AT_JoinAcceptDelay2_get	16	static
C:/Users/Asus/STM32CubeIDE/workspace_1.16.1/en.i-cube_lrwan.zip_expanded/STM32CubeExpansion_LRWAN_V2.1.0/Projects/B-L072Z-LRWAN1/Applications/LoRaWAN/LoRaWAN_AT_Slave/LoRaWAN/App/lora_at.c:1196:12:AT_JoinAcceptDelay2_set	16	static
C:/Users/Asus/STM32CubeIDE/workspace_1.16.1/en.i-cube_lrwan.zip_expanded/STM32CubeExpansion_LRWAN_V2.1.0/Projects/B-L072Z-LRWAN1/Applications/LoRaWAN/LoRaWAN_AT_Slave/LoRaWAN/App/lora_at.c:1217:12:AT_Rx1Delay_get	16	static
C:/Users/Asus/STM32CubeIDE/workspace_1.16.1/en.i-cube_lrwan.zip_expanded/STM32CubeExpansion_LRWAN_V2.1.0/Projects/B-L072Z-LRWAN1/Applications/LoRaWAN/LoRaWAN_AT_Slave/LoRaWAN/App/lora_at.c:1235:12:AT_Rx1Delay_set	16	static
C:/Users/Asus/STM32CubeIDE/workspace_1.16.1/en.i-cube_lrwan.zip_expanded/STM32CubeExpansion_LRWAN_V2.1.0/Projects/B-L072Z-LRWAN1/Applications/LoRaWAN/LoRaWAN_AT_Slave/LoRaWAN/App/lora_at.c:1256:12:AT_Rx2Delay_get	16	static
C:/Users/Asus/STM32CubeIDE/workspace_1.16.1/en.i-cube_lrwan.zip_expanded/STM32CubeExpansion_LRWAN_V2.1.0/Projects/B-L072Z-LRWAN1/Applications/LoRaWAN/LoRaWAN_AT_Slave/LoRaWAN/App/lora_at.c:1274:12:AT_Rx2Delay_set	16	static
C:/Users/Asus/STM32CubeIDE/workspace_1.16.1/en.i-cube_lrwan.zip_expanded/STM32CubeExpansion_LRWAN_V2.1.0/Projects/B-L072Z-LRWAN1/Applications/LoRaWAN/LoRaWAN_AT_Slave/LoRaWAN/App/lora_at.c:1295:12:AT_Rx2DataRate_get	16	static
C:/Users/Asus/STM32CubeIDE/workspace_1.16.1/en.i-cube_lrwan.zip_expanded/STM32CubeExpansion_LRWAN_V2.1.0/Projects/B-L072Z-LRWAN1/Applications/LoRaWAN/LoRaWAN_AT_Slave/LoRaWAN/App/lora_at.c:1309:12:AT_Rx2DataRate_set	16	static
C:/Users/Asus/STM32CubeIDE/workspace_1.16.1/en.i-cube_lrwan.zip_expanded/STM32CubeExpansion_LRWAN_V2.1.0/Projects/B-L072Z-LRWAN1/Applications/LoRaWAN/LoRaWAN_AT_Slave/LoRaWAN/App/lora_at.c:1339:12:AT_Rx2Frequency_get	16	static
C:/Users/Asus/STM32CubeIDE/workspace_1.16.1/en.i-cube_lrwan.zip_expanded/STM32CubeExpansion_LRWAN_V2.1.0/Projects/B-L072Z-LRWAN1/Applications/LoRaWAN/LoRaWAN_AT_Slave/LoRaWAN/App/lora_at.c:1353:12:AT_Rx2Frequency_set	16	static
C:/Users/Asus/STM32CubeIDE/workspace_1.16.1/en.i-cube_lrwan.zip_expanded/STM32CubeExpansion_LRWAN_V2.1.0/Projects/B-L072Z-LRWAN1/Applications/LoRaWAN/LoRaWAN_AT_Slave/LoRaWAN/App/lora_at.c:1379:12:AT_TransmitPower_get	24	static
C:/Users/Asus/STM32CubeIDE/workspace_1.16.1/en.i-cube_lrwan.zip_expanded/STM32CubeExpansion_LRWAN_V2.1.0/Projects/B-L072Z-LRWAN1/Applications/LoRaWAN/LoRaWAN_AT_Slave/LoRaWAN/App/lora_at.c:1397:12:AT_TransmitPower_set	16	static
C:/Users/Asus/STM32CubeIDE/workspace_1.16.1/en.i-cube_lrwan.zip_expanded/STM32CubeExpansion_LRWAN_V2.1.0/Projects/B-L072Z-LRWAN1/Applications/LoRaWAN/LoRaWAN_AT_Slave/LoRaWAN/App/lora_at.c:1419:12:AT_PingSlot_get	24	static
C:/Users/Asus/STM32CubeIDE/workspace_1.16.1/en.i-cube_lrwan.zip_expanded/STM32CubeExpansion_LRWAN_V2.1.0/Projects/B-L072Z-LRWAN1/Applications/LoRaWAN/LoRaWAN_AT_Slave/LoRaWAN/App/lora_at.c:1438:12:AT_PingSlot_set	16	static
C:/Users/Asus/STM32CubeIDE/workspace_1.16.1/en.i-cube_lrwan.zip_expanded/STM32CubeExpansion_LRWAN_V2.1.0/Projects/B-L072Z-LRWAN1/Applications/LoRaWAN/LoRaWAN_AT_Slave/LoRaWAN/App/lora_at.c:1465:12:AT_test_txTone	8	static
C:/Users/Asus/STM32CubeIDE/workspace_1.16.1/en.i-cube_lrwan.zip_expanded/STM32CubeExpansion_LRWAN_V2.1.0/Projects/B-L072Z-LRWAN1/Applications/LoRaWAN/LoRaWAN_AT_Slave/LoRaWAN/App/lora_at.c:1483:12:AT_test_rxRssi	8	static
C:/Users/Asus/STM32CubeIDE/workspace_1.16.1/en.i-cube_lrwan.zip_expanded/STM32CubeExpansion_LRWAN_V2.1.0/Projects/B-L072Z-LRWAN1/Applications/LoRaWAN/LoRaWAN_AT_Slave/LoRaWAN/App/lora_at.c:1501:12:AT_test_get_config	144	static
C:/Users/Asus/STM32CubeIDE/workspace_1.16.1/en.i-cube_lrwan.zip_expanded/STM32CubeExpansion_LRWAN_V2.1.0/Projects/B-L072Z-LRWAN1/Applications/LoRaWAN/LoRaWAN_AT_Slave/LoRaWAN/App/lora_at.c:1558:12:AT_test_set_config	160	static
C:/Users/Asus/STM32CubeIDE/workspace_1.16.1/en.i-cube_lrwan.zip_expanded/STM32CubeExpansion_LRWAN_V2.1.0/Projects/B-L072Z-LRWAN1/Applications/LoRaWAN/LoRaWAN_AT_Slave/LoRaWAN/App/lora_at.c:1771:12:AT_test_tx	16	static
C:/Users/Asus/STM32CubeIDE/workspace_1.16.1/en.i-cube_lrwan.zip_expanded/STM32CubeExpansion_LRWAN_V2.1.0/Projects/B-L072Z-LRWAN1/Applications/LoRaWAN/LoRaWAN_AT_Slave/LoRaWAN/App/lora_at.c:1798:12:AT_test_rx	16	static
C:/Users/Asus/STM32CubeIDE/workspace_1.16.1/en.i-cube_lrwan.zip_expanded/STM32CubeExpansion_LRWAN_V2.1.0/Projects/B-L072Z-LRWAN1/Applications/LoRaWAN/LoRaWAN_AT_Slave/LoRaWAN/App/lora_at.c:1824:12:AT_Certif	24	static
C:/Users/Asus/STM32CubeIDE/workspace_1.16.1/en.i-cube_lrwan.zip_expanded/STM32CubeExpansion_LRWAN_V2.1.0/Projects/B-L072Z-LRWAN1/Applications/LoRaWAN/LoRaWAN_AT_Slave/LoRaWAN/App/lora_at.c:1851:12:AT_test_tx_hopping	96	static
C:/Users/Asus/STM32CubeIDE/workspace_1.16.1/en.i-cube_lrwan.zip_expanded/STM32CubeExpansion_LRWAN_V2.1.0/Projects/B-L072Z-LRWAN1/Applications/LoRaWAN/LoRaWAN_AT_Slave/LoRaWAN/App/lora_at.c:1913:12:AT_test_stop	8	static
C:/Users/Asus/STM32CubeIDE/workspace_1.16.1/en.i-cube_lrwan.zip_expanded/STM32CubeExpansion_LRWAN_V2.1.0/Projects/B-L072Z-LRWAN1/Applications/LoRaWAN/LoRaWAN_AT_Slave/LoRaWAN/App/lora_at.c:1926:12:AT_write_register	24	static
C:/Users/Asus/STM32CubeIDE/workspace_1.16.1/en.i-cube_lrwan.zip_expanded/STM32CubeExpansion_LRWAN_V2.1.0/Projects/B-L072Z-LRWAN1/Applications/LoRaWAN/LoRaWAN_AT_Slave/LoRaWAN/App/lora_at.c:1958:12:AT_read_register	32	static
C:/Users/Asus/STM32CubeIDE/workspace_1.16.1/en.i-cube_lrwan.zip_expanded/STM32CubeExpansion_LRWAN_V2.1.0/Projects/B-L072Z-LRWAN1/Applications/LoRaWAN/LoRaWAN_AT_Slave/LoRaWAN/App/lora_at.c:1988:12:AT_bat_get	8	static
