C:/Users/Asus/STM32CubeIDE/workspace_1.16.1/en.i-cube_lrwan.zip_expanded/STM32CubeExpansion_LRWAN_V2.1.0/Projects/B-L072Z-LRWAN1/Applications/LoRaWAN/LoRaWAN_AT_Slave/Core/Src/sys_app.c:309:13:tiny_snprintf_like.constprop	16	static
C:/Users/Asus/STM32CubeIDE/workspace_1.16.1/en.i-cube_lrwan.zip_expanded/STM32CubeExpansion_LRWAN_V2.1.0/Projects/B-L072Z-LRWAN1/Applications/LoRaWAN/LoRaWAN_AT_Slave/Core/Src/sys_app.c:234:13:TimestampNow	32	static
C:/Users/Asus/STM32CubeIDE/workspace_1.16.1/en.i-cube_lrwan.zip_expanded/STM32CubeExpansion_LRWAN_V2.1.0/Projects/B-L072Z-LRWAN1/Applications/LoRaWAN/LoRaWAN_AT_Slave/Core/Src/sys_app.c:94:6:SystemApp_Init	64	static
C:/Users/Asus/STM32CubeIDE/workspace_1.16.1/en.i-cube_lrwan.zip_expanded/STM32CubeExpansion_LRWAN_V2.1.0/Projects/B-L072Z-LRWAN1/Applications/LoRaWAN/LoRaWAN_AT_Slave/Core/Src/sys_app.c:145:6:UTIL_SEQ_Idle	8	static
C:/Users/Asus/STM32CubeIDE/workspace_1.16.1/en.i-cube_lrwan.zip_expanded/STM32CubeExpansion_LRWAN_V2.1.0/Projects/B-L072Z-LRWAN1/Applications/LoRaWAN/LoRaWAN_AT_Slave/Core/Src/sys_app.c:156:9:GetBatteryLevel	16	static
C:/Users/Asus/STM32CubeIDE/workspace_1.16.1/en.i-cube_lrwan.zip_expanded/STM32CubeExpansion_LRWAN_V2.1.0/Projects/B-L072Z-LRWAN1/Applications/LoRaWAN/LoRaWAN_AT_Slave/Core/Src/sys_app.c:190:10:GetTemperatureLevel	8	static
C:/Users/Asus/STM32CubeIDE/workspace_1.16.1/en.i-cube_lrwan.zip_expanded/STM32CubeExpansion_LRWAN_V2.1.0/Projects/B-L072Z-LRWAN1/Applications/LoRaWAN/LoRaWAN_AT_Slave/Core/Src/sys_app.c:201:6:GetUniqueId	16	static
C:/Users/Asus/STM32CubeIDE/workspace_1.16.1/en.i-cube_lrwan.zip_expanded/STM32CubeExpansion_LRWAN_V2.1.0/Projects/B-L072Z-LRWAN1/Applications/LoRaWAN/LoRaWAN_AT_Slave/Core/Src/sys_app.c:223:10:GetDevAddr	8	static
C:/Users/Asus/STM32CubeIDE/workspace_1.16.1/en.i-cube_lrwan.zip_expanded/STM32CubeExpansion_LRWAN_V2.1.0/Projects/B-L072Z-LRWAN1/Applications/LoRaWAN/LoRaWAN_AT_Slave/Core/Src/sys_app.c:287:6:UTIL_ADV_TRACE_PreSendHook	8	static
C:/Users/Asus/STM32CubeIDE/workspace_1.16.1/en.i-cube_lrwan.zip_expanded/STM32CubeExpansion_LRWAN_V2.1.0/Projects/B-L072Z-LRWAN1/Applications/LoRaWAN/LoRaWAN_AT_Slave/Core/Src/sys_app.c:298:6:UTIL_ADV_TRACE_PostSendHook	8	static
C:/Users/Asus/STM32CubeIDE/workspace_1.16.1/en.i-cube_lrwan.zip_expanded/STM32CubeExpansion_LRWAN_V2.1.0/Projects/B-L072Z-LRWAN1/Applications/LoRaWAN/LoRaWAN_AT_Slave/Core/Src/sys_app.c:332:19:HAL_InitTick	0	static
C:/Users/Asus/STM32CubeIDE/workspace_1.16.1/en.i-cube_lrwan.zip_expanded/STM32CubeExpansion_LRWAN_V2.1.0/Projects/B-L072Z-LRWAN1/Applications/LoRaWAN/LoRaWAN_AT_Slave/Core/Src/sys_app.c:347:10:HAL_GetTick	8	static
C:/Users/Asus/STM32CubeIDE/workspace_1.16.1/en.i-cube_lrwan.zip_expanded/STM32CubeExpansion_LRWAN_V2.1.0/Projects/B-L072Z-LRWAN1/Applications/LoRaWAN/LoRaWAN_AT_Slave/Core/Src/sys_app.c:361:6:HAL_Delay	16	static
