C:/Users/Asus/STM32CubeIDE/workspace_1.16.1/en.i-cube_lrwan.zip_expanded/STM32CubeExpansion_LRWAN_V2.1.0/Projects/B-L072Z-LRWAN1/Applications/LoRaWAN/LoRaWAN_AT_Slave/Core/Src/usart.c:32:6:MX_LPUART1_UART_Init	8	static
C:/Users/Asus/STM32CubeIDE/workspace_1.16.1/en.i-cube_lrwan.zip_expanded/STM32CubeExpansion_LRWAN_V2.1.0/Projects/B-L072Z-LRWAN1/Applications/LoRaWAN/LoRaWAN_AT_Slave/Core/Src/usart.c:60:6:HAL_UART_MspInit	88	static
C:/Users/Asus/STM32CubeIDE/workspace_1.16.1/en.i-cube_lrwan.zip_expanded/STM32CubeExpansion_LRWAN_V2.1.0/Projects/B-L072Z-LRWAN1/Applications/LoRaWAN/LoRaWAN_AT_Slave/Core/Src/usart.c:128:6:HAL_UART_MspDeInit	8	static
